// Jest Snapshot v1, https://goo.gl/fbAQLP

exports[`MySettings Component renders correctly when user login id is found 1`] = `
<main
  id="content"
>
  <BreadCrumb />
  <PageTile
    title="My Settings"
  />
  <AccessTokensSection
    accessTokensPromise={Promise {}}
    isAddBtnVisible={true}
  />
  <TokenResponseModal
    clientId=""
    onLoad={[Function]}
    refreshToken=""
  />
  <ExperimentalFeaturesSection />
</main>
`;
